[INFO] Scanning for projects...
[INFO] 
[INFO] ----------------------< com.healthcare:dashboard >----------------------
[INFO] Building Healthcare Dashboard Backend 1.0.0
[INFO]   from pom.xml
[INFO] --------------------------------[ jar ]---------------------------------
[INFO] 
[INFO] --- clean:3.3.2:clean (default-clean) @ dashboard ---
[INFO] Deleting C:\Users\ghbou\OneDrive\Desktop\Projet Flutter\backend\target
[INFO] 
[INFO] --- jacoco:0.8.11:prepare-agent (prepare-agent) @ dashboard ---
[INFO] argLine set to "-javaagent:C:\\Users\\ghbou\\.m2\\repository\\org\\jacoco\\org.jacoco.agent\\0.8.11\\org.jacoco.agent-0.8.11-runtime.jar=destfile=C:\\Users\\ghbou\\OneDrive\\Desktop\\Projet Flutter\\backend\\target\\jacoco.exec"
[INFO] 
[INFO] --- resources:3.3.1:resources (default-resources) @ dashboard ---
[INFO] Copying 1 resource from src\main\resources to target\classes
[INFO] Copying 0 resource from src\main\resources to target\classes
[INFO] 
[INFO] --- compiler:3.11.0:compile (default-compile) @ dashboard ---
[INFO] Changes detected - recompiling the module! :source
[INFO] Compiling 73 source files with javac [debug release 17] to target\classes
[INFO] 
[INFO] --- resources:3.3.1:testResources (default-testResources) @ dashboard ---
[INFO] Copying 2 resources from src\test\resources to target\test-classes
[INFO] 
[INFO] --- compiler:3.11.0:testCompile (default-testCompile) @ dashboard ---
[INFO] Changes detected - recompiling the module! :dependency
[INFO] Compiling 50 source files with javac [debug release 17] to target\test-classes
[INFO] Some messages have been simplified; recompile with -Xdiags:verbose to get full output
[INFO] -------------------------------------------------------------
[ERROR] COMPILATION ERROR : 
[INFO] -------------------------------------------------------------
[ERROR] /C:/Users/ghbou/OneDrive/Desktop/Projet Flutter/backend/src/test/java/com/healthcare/dashboard/security/CsrfSecurityTest.java:[99,25] no suitable method found for request(java.lang.String,java.lang.String)
    method org.springframework.test.web.servlet.request.MockMvcRequestBuilders.request(java.lang.String,java.net.URI) is not applicable
      (argument mismatch; java.lang.String cannot be converted to java.net.URI)
    method org.springframework.test.web.servlet.request.MockMvcRequestBuilders.request(org.springframework.http.HttpMethod,java.net.URI) is not applicable
      (argument mismatch; java.lang.String cannot be converted to org.springframework.http.HttpMethod)
    method org.springframework.test.web.servlet.request.MockMvcRequestBuilders.request(org.springframework.http.HttpMethod,java.lang.String,java.lang.Object...) is not applicable
      (argument mismatch; java.lang.String cannot be converted to org.springframework.http.HttpMethod)
[INFO] 1 error
[INFO] -------------------------------------------------------------
[INFO] ------------------------------------------------------------------------
[INFO] BUILD FAILURE
[INFO] ------------------------------------------------------------------------
[INFO] Total time:  10.105 s
[INFO] Finished at: 2025-12-24T13:06:21+01:00
[INFO] ------------------------------------------------------------------------
[ERROR] Failed to execute goal org.apache.maven.plugins:maven-compiler-plugin:3.11.0:testCompile (default-testCompile) on project dashboard: Compilation failure
[ERROR] /C:/Users/ghbou/OneDrive/Desktop/Projet Flutter/backend/src/test/java/com/healthcare/dashboard/security/CsrfSecurityTest.java:[99,25] no suitable method found for request(java.lang.String,java.lang.String)
[ERROR]     method org.springframework.test.web.servlet.request.MockMvcRequestBuilders.request(java.lang.String,java.net.URI) is not applicable
[ERROR]       (argument mismatch; java.lang.String cannot be converted to java.net.URI)
[ERROR]     method org.springframework.test.web.servlet.request.MockMvcRequestBuilders.request(org.springframework.http.HttpMethod,java.net.URI) is not applicable
[ERROR]       (argument mismatch; java.lang.String cannot be converted to org.springframework.http.HttpMethod)
[ERROR]     method org.springframework.test.web.servlet.request.MockMvcRequestBuilders.request(org.springframework.http.HttpMethod,java.lang.String,java.lang.Object...) is not applicable
[ERROR]       (argument mismatch; java.lang.String cannot be converted to org.springframework.http.HttpMethod)
[ERROR] -> [Help 1]
[ERROR] 
[ERROR] To see the full stack trace of the errors, re-run Maven with the -e switch.
[ERROR] Re-run Maven using the -X switch to enable full debug logging.
[ERROR] 
[ERROR] For more information about the errors and possible solutions, please read the following articles:
[ERROR] [Help 1] http://cwiki.apache.org/confluence/display/MAVEN/MojoFailureException
